-494755219
3
7
2
1
MODI
1
JACK
5
MODIAGAIN
3
F           
F          
YUUL
RBBU
RYUU
BYLU
RUUU
BYYL
RLUU    
    R   YY  ... .........

byrullbyruulbyrrulbyyrulb
    .   ..  ... .........

byRullbYruulByrrulbyyrulb
    .   ..  ... .........

byRullbyrUulbYrrulbyyrulb

RYYRBRRYLBUURYYBYRBLYUYRUYLULBLBBUBB