-494755219
3
7
2
0
MODI
2
JACK
6
MODIAGAIN
3
F                
F                
YLUU
RBBU
RYYU
YBLU
RUUU
YYBL
RLUU
    .   ..  ... .........

byRullbYruulbyrrulbyyrulb
    .   ..  ... .........

byRullbYruulByrrulbyyrulb
    .   ..  ... .........

byRullbyrUulbYrrulbyyrulb
YYUBBYY
RYYRBRRYLBUURYYBYRBLYUYRUYLULBLBBUBB