72
2
5
1
1
John
9
Kate
9
F                
RRYU
RRLU
YYBU
YYBB
RRYB
    .   ..  ... .UUU.....

bYrUlLByruuLbyRrulbyyrulb
    .   ..  ... ........R

ByrulLByruulbyRrulbYyrulb

LYUULLBYBRRBBRULBYRYYLBBLULBUBYLURLLLLRRRRYY