-494755219
3
7
2
1
MODI
0
JACK
0
MODIAGAIN
0
FRLLU            
FYBBBLUUU        
    
    
RLLL
RLLL
RRRB
RBLL
    
    .   YY  ... .........
R
byrullbyruulbyrrulbyyrulb
    .   BB  ... .........

byrullbyruulbyrrulbyyrulb
    R   ..  ... .........

byrullbyruulbyrrulbyyrulb

YULUURBBUYRYYLBUUUURYLYBRLUURYYRBRRYLBUURYYBYRBLYUYRUYLULBLBBUBB