72
2
5
1
0
John
0
Kate
0
F                
BBLL
RYLU
RLLU
RYYU
RRYL
    U   ..  ... .........

byrullbyruulbyrrulbyyrulb
    .   ..  ... .........

byrullbyruulbyrrulbyyrulb

YUBBYLUULLBYBBBRULBYRYYULBUBYURBUBLUUYURYYBBLULRYRBYU