-494755219
3
7
2
1
MODI
0
JACK
0
MODIAGAIN
0
FRBLLUUU            
FYBBLU           
    
    
RLLL
RLLL
RRRB
RBLL

    R   YY  ... .........

byrullbyruulbyrrulbyyrulb
    .   BB  ... .........

byrullbyruulbyrrulbyyrulb
    R   ..  ... .........

byrullbyruulbyrrulbyyrulb

YULUURBBUYRYYLBUUUURYLYBRLUURYYRBRRYLBUURYYBYRBLYUYRUYLULBLBBUBB